// Vitest Snapshot v1, https://vitest.dev/guide/snapshot.html

exports[`gardenTemplates (SMA-18 lot 2) > matches the pinned definitions (snapshot of the three templates) 1`] = `
[
  {
    "cellSize": "50cm",
    "cells": [
      {
        "col": 0,
        "infrastructure": "path",
        "row": 3,
      },
      {
        "col": 1,
        "infrastructure": "path",
        "row": 3,
      },
      {
        "col": 2,
        "infrastructure": "path",
        "row": 3,
      },
      {
        "col": 3,
        "infrastructure": "path",
        "row": 3,
      },
      {
        "col": 4,
        "infrastructure": "path",
        "row": 3,
      },
      {
        "col": 5,
        "infrastructure": "path",
        "row": 3,
      },
      {
        "col": 6,
        "infrastructure": "path",
        "row": 3,
      },
      {
        "col": 7,
        "infrastructure": "path",
        "row": 3,
      },
      {
        "col": 8,
        "infrastructure": "path",
        "row": 3,
      },
      {
        "col": 9,
        "infrastructure": "path",
        "row": 3,
      },
      {
        "col": 9,
        "infrastructure": "water",
        "row": 5,
      },
    ],
    "cols": 10,
    "key": "potager",
    "placements": [
      {
        "col": 0,
        "row": 0,
        "scientificName": "Solanum lycopersicum",
        "spanCols": 1,
        "spanRows": 1,
      },
      {
        "col": 1,
        "row": 0,
        "scientificName": "Solanum lycopersicum",
        "spanCols": 1,
        "spanRows": 1,
      },
      {
        "col": 2,
        "row": 0,
        "scientificName": "Solanum lycopersicum",
        "spanCols": 1,
        "spanRows": 1,
      },
      {
        "col": 3,
        "row": 0,
        "scientificName": "Ocimum basilicum",
        "spanCols": 1,
        "spanRows": 1,
      },
      {
        "col": 4,
        "row": 0,
        "scientificName": "Ocimum basilicum",
        "spanCols": 1,
        "spanRows": 1,
      },
      {
        "col": 7,
        "row": 0,
        "scientificName": "Cucurbita pepo",
        "spanCols": 2,
        "spanRows": 2,
      },
      {
        "col": 0,
        "row": 1,
        "scientificName": "Lactuca sativa",
        "spanCols": 1,
        "spanRows": 1,
      },
      {
        "col": 1,
        "row": 1,
        "scientificName": "Lactuca sativa",
        "spanCols": 1,
        "spanRows": 1,
      },
      {
        "col": 2,
        "row": 1,
        "scientificName": "Lactuca sativa",
        "spanCols": 1,
        "spanRows": 1,
      },
      {
        "col": 3,
        "row": 1,
        "scientificName": "Fragaria × ananassa",
        "spanCols": 1,
        "spanRows": 1,
      },
      {
        "col": 4,
        "row": 1,
        "scientificName": "Fragaria × ananassa",
        "spanCols": 1,
        "spanRows": 1,
      },
      {
        "col": 0,
        "row": 2,
        "scientificName": "Daucus carota",
        "spanCols": 1,
        "spanRows": 1,
      },
      {
        "col": 1,
        "row": 2,
        "scientificName": "Allium ampeloprasum",
        "spanCols": 1,
        "spanRows": 1,
      },
      {
        "col": 2,
        "row": 2,
        "scientificName": "Raphanus sativus",
        "spanCols": 1,
        "spanRows": 1,
      },
    ],
    "rows": 6,
  },
  {
    "cellSize": "50cm",
    "cells": [
      {
        "col": 0,
        "row": 0,
        "soil": "humus",
      },
      {
        "col": 1,
        "row": 0,
        "soil": "humus",
      },
      {
        "col": 2,
        "row": 0,
        "soil": "humus",
      },
      {
        "col": 3,
        "infrastructure": "wall",
        "row": 0,
        "soil": "humus",
      },
      {
        "col": 4,
        "row": 0,
        "soil": "humus",
      },
      {
        "col": 5,
        "row": 0,
        "soil": "humus",
      },
      {
        "col": 6,
        "row": 0,
        "soil": "humus",
      },
      {
        "col": 7,
        "row": 0,
        "soil": "humus",
      },
      {
        "col": 8,
        "row": 0,
        "soil": "humus",
      },
      {
        "col": 9,
        "row": 0,
        "soil": "humus",
      },
      {
        "col": 0,
        "row": 1,
        "soil": "humus",
      },
      {
        "col": 1,
        "row": 1,
        "soil": "humus",
      },
      {
        "col": 2,
        "row": 1,
        "soil": "humus",
      },
      {
        "col": 3,
        "row": 1,
        "soil": "humus",
      },
      {
        "col": 4,
        "row": 1,
        "soil": "humus",
      },
      {
        "col": 5,
        "row": 1,
        "soil": "humus",
      },
      {
        "col": 6,
        "infrastructure": "wall",
        "row": 1,
        "soil": "humus",
      },
      {
        "col": 7,
        "row": 1,
        "soil": "humus",
      },
      {
        "col": 8,
        "row": 1,
        "soil": "humus",
      },
      {
        "col": 9,
        "row": 1,
        "soil": "humus",
      },
      {
        "col": 0,
        "row": 2,
        "soil": "humus",
      },
      {
        "col": 1,
        "infrastructure": "path",
        "row": 2,
        "soil": "humus",
      },
      {
        "col": 2,
        "infrastructure": "path",
        "row": 2,
        "soil": "humus",
      },
      {
        "col": 3,
        "infrastructure": "path",
        "row": 2,
        "soil": "humus",
      },
      {
        "col": 4,
        "row": 2,
        "soil": "humus",
      },
      {
        "col": 5,
        "infrastructure": "path",
        "row": 2,
        "soil": "humus",
      },
      {
        "col": 6,
        "infrastructure": "path",
        "row": 2,
        "soil": "humus",
      },
      {
        "col": 7,
        "infrastructure": "path",
        "row": 2,
        "soil": "humus",
      },
      {
        "col": 8,
        "row": 2,
        "soil": "humus",
      },
      {
        "col": 9,
        "row": 2,
        "soil": "humus",
      },
      {
        "col": 0,
        "infrastructure": "path",
        "row": 3,
        "soil": "humus",
      },
      {
        "col": 1,
        "infrastructure": "path",
        "row": 3,
        "soil": "humus",
      },
      {
        "col": 2,
        "row": 3,
        "soil": "humus",
      },
      {
        "col": 3,
        "infrastructure": "path",
        "row": 3,
        "soil": "humus",
      },
      {
        "col": 4,
        "infrastructure": "path",
        "row": 3,
        "soil": "humus",
      },
      {
        "col": 5,
        "infrastructure": "path",
        "row": 3,
        "soil": "humus",
      },
      {
        "col": 6,
        "row": 3,
        "soil": "humus",
      },
      {
        "col": 7,
        "infrastructure": "path",
        "row": 3,
        "soil": "humus",
      },
      {
        "col": 8,
        "infrastructure": "path",
        "row": 3,
        "soil": "humus",
      },
      {
        "col": 9,
        "infrastructure": "path",
        "row": 3,
        "soil": "humus",
      },
      {
        "col": 0,
        "row": 4,
        "soil": "humus",
      },
      {
        "col": 1,
        "row": 4,
        "soil": "humus",
      },
      {
        "col": 2,
        "row": 4,
        "soil": "humus",
      },
      {
        "col": 3,
        "row": 4,
        "soil": "humus",
      },
      {
        "col": 4,
        "row": 4,
        "soil": "humus",
      },
      {
        "col": 5,
        "row": 4,
        "soil": "humus",
      },
      {
        "col": 6,
        "row": 4,
        "soil": "humus",
      },
      {
        "col": 7,
        "row": 4,
        "soil": "humus",
      },
      {
        "col": 8,
        "row": 4,
        "soil": "humus",
      },
      {
        "col": 9,
        "row": 4,
        "soil": "humus",
      },
      {
        "col": 0,
        "row": 5,
        "soil": "humus",
      },
      {
        "col": 1,
        "row": 5,
        "soil": "humus",
      },
      {
        "col": 2,
        "row": 5,
        "soil": "humus",
      },
      {
        "col": 3,
        "row": 5,
        "soil": "humus",
      },
      {
        "col": 4,
        "row": 5,
        "soil": "humus",
      },
      {
        "col": 5,
        "infrastructure": "wall",
        "row": 5,
        "soil": "humus",
      },
      {
        "col": 6,
        "row": 5,
        "soil": "humus",
      },
      {
        "col": 7,
        "row": 5,
        "soil": "humus",
      },
      {
        "col": 8,
        "infrastructure": "water",
        "row": 5,
        "soil": "humus",
      },
      {
        "col": 9,
        "infrastructure": "water",
        "row": 5,
        "soil": "humus",
      },
    ],
    "cols": 10,
    "key": "japanese",
    "placements": [
      {
        "col": 0,
        "row": 0,
        "scientificName": "Acer palmatum",
        "spanCols": 2,
        "spanRows": 2,
      },
      {
        "col": 0,
        "row": 4,
        "scientificName": "Athyrium filix-femina",
        "spanCols": 1,
        "spanRows": 1,
      },
      {
        "col": 1,
        "row": 5,
        "scientificName": "Asplenium scolopendrium",
        "spanCols": 1,
        "spanRows": 1,
      },
      {
        "col": 2,
        "row": 4,
        "scientificName": "Blechnum spicant",
        "spanCols": 1,
        "spanRows": 1,
      },
      {
        "col": 9,
        "row": 0,
        "scientificName": "Bambusa ventricosa",
        "spanCols": 1,
        "spanRows": 1,
      },
      {
        "col": 9,
        "row": 1,
        "scientificName": "Bambusa ventricosa",
        "spanCols": 1,
        "spanRows": 1,
      },
      {
        "col": 8,
        "row": 4,
        "scientificName": "Iris germanica",
        "spanCols": 1,
        "spanRows": 1,
      },
      {
        "col": 9,
        "row": 4,
        "scientificName": "Iris germanica",
        "spanCols": 1,
        "spanRows": 1,
      },
    ],
    "rows": 6,
  },
  {
    "cellSize": "50cm",
    "cells": [
      {
        "col": 0,
        "infrastructure": "pot",
        "row": 0,
      },
      {
        "col": 1,
        "infrastructure": "pot",
        "row": 0,
      },
      {
        "col": 2,
        "infrastructure": "pot",
        "row": 0,
      },
      {
        "col": 3,
        "infrastructure": "pot",
        "row": 0,
      },
      {
        "col": 4,
        "infrastructure": "pot",
        "row": 0,
      },
      {
        "col": 5,
        "infrastructure": "pot",
        "row": 0,
      },
      {
        "col": 6,
        "infrastructure": "pot",
        "row": 0,
      },
      {
        "col": 7,
        "infrastructure": "pot",
        "row": 0,
      },
      {
        "col": 8,
        "infrastructure": "pot",
        "row": 0,
      },
      {
        "col": 9,
        "infrastructure": "pot",
        "row": 0,
      },
      {
        "col": 0,
        "row": 1,
        "soil": "stony",
      },
      {
        "col": 1,
        "row": 1,
        "soil": "stony",
      },
      {
        "col": 2,
        "row": 1,
        "soil": "stony",
      },
      {
        "col": 3,
        "row": 1,
        "soil": "stony",
      },
      {
        "col": 4,
        "row": 1,
        "soil": "stony",
      },
      {
        "col": 5,
        "row": 1,
        "soil": "stony",
      },
      {
        "col": 6,
        "row": 1,
        "soil": "stony",
      },
      {
        "col": 7,
        "row": 1,
        "soil": "stony",
      },
      {
        "col": 8,
        "row": 1,
        "soil": "stony",
      },
      {
        "col": 9,
        "row": 1,
        "soil": "stony",
      },
      {
        "col": 0,
        "row": 2,
        "soil": "stony",
      },
      {
        "col": 1,
        "row": 2,
        "soil": "stony",
      },
      {
        "col": 2,
        "row": 2,
        "soil": "stony",
      },
      {
        "col": 3,
        "row": 2,
        "soil": "stony",
      },
      {
        "col": 4,
        "row": 2,
        "soil": "stony",
      },
      {
        "col": 5,
        "row": 2,
        "soil": "stony",
      },
      {
        "col": 6,
        "row": 2,
        "soil": "stony",
      },
      {
        "col": 7,
        "row": 2,
        "soil": "stony",
      },
      {
        "col": 8,
        "row": 2,
        "soil": "stony",
      },
      {
        "col": 9,
        "row": 2,
        "soil": "stony",
      },
      {
        "col": 0,
        "row": 3,
        "soil": "stony",
      },
      {
        "col": 1,
        "row": 3,
        "soil": "stony",
      },
      {
        "col": 2,
        "row": 3,
        "soil": "stony",
      },
      {
        "col": 3,
        "row": 3,
        "soil": "stony",
      },
      {
        "col": 4,
        "row": 3,
        "soil": "stony",
      },
      {
        "col": 5,
        "row": 3,
        "soil": "stony",
      },
      {
        "col": 6,
        "row": 3,
        "soil": "stony",
      },
      {
        "col": 7,
        "row": 3,
        "soil": "stony",
      },
      {
        "col": 8,
        "row": 3,
        "soil": "stony",
      },
      {
        "col": 9,
        "row": 3,
        "soil": "stony",
      },
      {
        "col": 0,
        "row": 4,
        "soil": "stony",
      },
      {
        "col": 1,
        "row": 4,
        "soil": "stony",
      },
      {
        "col": 2,
        "row": 4,
        "soil": "stony",
      },
      {
        "col": 3,
        "row": 4,
        "soil": "stony",
      },
      {
        "col": 4,
        "row": 4,
        "soil": "stony",
      },
      {
        "col": 5,
        "row": 4,
        "soil": "stony",
      },
      {
        "col": 6,
        "row": 4,
        "soil": "stony",
      },
      {
        "col": 7,
        "row": 4,
        "soil": "stony",
      },
      {
        "col": 8,
        "row": 4,
        "soil": "stony",
      },
      {
        "col": 9,
        "row": 4,
        "soil": "stony",
      },
      {
        "col": 0,
        "infrastructure": "pot",
        "row": 5,
      },
      {
        "col": 1,
        "infrastructure": "pot",
        "row": 5,
      },
      {
        "col": 2,
        "infrastructure": "pot",
        "row": 5,
      },
      {
        "col": 3,
        "infrastructure": "pot",
        "row": 5,
      },
      {
        "col": 4,
        "infrastructure": "pot",
        "row": 5,
      },
      {
        "col": 5,
        "infrastructure": "pot",
        "row": 5,
      },
      {
        "col": 6,
        "infrastructure": "pot",
        "row": 5,
      },
      {
        "col": 7,
        "infrastructure": "pot",
        "row": 5,
      },
      {
        "col": 8,
        "infrastructure": "pot",
        "row": 5,
      },
      {
        "col": 9,
        "infrastructure": "pot",
        "row": 5,
      },
    ],
    "cols": 10,
    "key": "mediterranean",
    "placements": [
      {
        "col": 1,
        "row": 0,
        "scientificName": "Lavandula angustifolia",
        "spanCols": 1,
        "spanRows": 1,
      },
      {
        "col": 4,
        "row": 0,
        "scientificName": "Lavandula angustifolia",
        "spanCols": 1,
        "spanRows": 1,
      },
      {
        "col": 7,
        "row": 0,
        "scientificName": "Lavandula angustifolia",
        "spanCols": 1,
        "spanRows": 1,
      },
      {
        "col": 9,
        "row": 0,
        "scientificName": "Thymus vulgaris",
        "spanCols": 1,
        "spanRows": 1,
      },
      {
        "col": 1,
        "row": 2,
        "scientificName": "Agapanthus africanus",
        "spanCols": 1,
        "spanRows": 1,
      },
      {
        "col": 4,
        "row": 2,
        "scientificName": "Olea europaea",
        "spanCols": 2,
        "spanRows": 2,
      },
      {
        "col": 8,
        "row": 2,
        "scientificName": "Ficus carica",
        "spanCols": 1,
        "spanRows": 1,
      },
      {
        "col": 2,
        "row": 5,
        "scientificName": "Salvia rosmarinus",
        "spanCols": 1,
        "spanRows": 1,
      },
      {
        "col": 4,
        "row": 5,
        "scientificName": "Salvia officinalis",
        "spanCols": 1,
        "spanRows": 1,
      },
      {
        "col": 7,
        "row": 5,
        "scientificName": "Salvia rosmarinus",
        "spanCols": 1,
        "spanRows": 1,
      },
    ],
    "rows": 6,
  },
]
`;
